// Jest Snapshot v1, https://jestjs.io/docs/snapshot-testing

exports[`renders the Button component 1`] = `
<div>
  <button
    class="font-medium rounded cursor-pointer py-2 active:shadow-md active:shadow-gray-500/50 px-4 hover:opacity-90 active:opacity-70 transition-colors bg-[#DB4444] text-white text-base"
  >
    click
  </button>
</div>
`;
